{
  "version": "1.5.0",
  "plugins_used": [
    {
      "name": "ArtifactoryDetector"
    },
    {
      "name": "AWSKeyDetector"
    },
    {
      "name": "AzureStorageKeyDetector"
    },
    {
      "name": "Base64HighEntropyString",
      "limit": 4.5
    },
    {
      "name": "BasicAuthDetector"
    },
    {
      "name": "CloudantDetector"
    },
    {
      "name": "DiscordBotTokenDetector"
    },
    {
      "name": "GitHubTokenDetector"
    },
    {
      "name": "GitLabTokenDetector"
    },
    {
      "name": "HexHighEntropyString",
      "limit": 3.0
    },
    {
      "name": "IbmCloudIamDetector"
    },
    {
      "name": "IbmCosHmacDetector"
    },
    {
      "name": "IPPublicDetector"
    },
    {
      "name": "JwtTokenDetector"
    },
    {
      "name": "KeywordDetector",
      "keyword_exclude": ""
    },
    {
      "name": "MailchimpDetector"
    },
    {
      "name": "NpmDetector"
    },
    {
      "name": "OpenAIDetector"
    },
    {
      "name": "PrivateKeyDetector"
    },
    {
      "name": "PypiTokenDetector"
    },
    {
      "name": "SendGridDetector"
    },
    {
      "name": "SlackDetector"
    },
    {
      "name": "SoftlayerDetector"
    },
    {
      "name": "SquareOAuthDetector"
    },
    {
      "name": "StripeDetector"
    },
    {
      "name": "TelegramBotTokenDetector"
    },
    {
      "name": "TwilioKeyDetector"
    }
  ],
  "filters_used": [
    {
      "path": "detect_secrets.filters.allowlist.is_line_allowlisted"
    },
    {
      "path": "detect_secrets.filters.common.is_ignored_due_to_verification_policies",
      "min_level": 2
    },
    {
      "path": "detect_secrets.filters.heuristic.is_indirect_reference"
    },
    {
      "path": "detect_secrets.filters.heuristic.is_likely_id_string"
    },
    {
      "path": "detect_secrets.filters.heuristic.is_lock_file"
    },
    {
      "path": "detect_secrets.filters.heuristic.is_not_alphanumeric_string"
    },
    {
      "path": "detect_secrets.filters.heuristic.is_potential_uuid"
    },
    {
      "path": "detect_secrets.filters.heuristic.is_prefixed_with_dollar_sign"
    },
    {
      "path": "detect_secrets.filters.heuristic.is_sequential_string"
    },
    {
      "path": "detect_secrets.filters.heuristic.is_swagger_file"
    },
    {
      "path": "detect_secrets.filters.heuristic.is_templated_secret"
    }
  ],
  "results": {
    "source/hub/sdk/datasets/index.rst": [
      {
        "type": "Hex High Entropy String",
        "filename": "source/hub/sdk/datasets/index.rst",
        "hashed_secret": "868372249d0d05c5e420934376e3cfd35286172e",
        "is_verified": false,
        "line_number": 46
      }
    ],
    "source/oss/notebooks/security/LLM_Newspaper_Comment_Generation.ipynb": [
      {
        "type": "Hex High Entropy String",
        "filename": "source/oss/notebooks/security/LLM_Newspaper_Comment_Generation.ipynb",
        "hashed_secret": "9b7d5153063d3b16110a5d54afb89473fb91f791",
        "is_verified": false,
        "line_number": 347
      },
      {
        "type": "Hex High Entropy String",
        "filename": "source/oss/notebooks/security/LLM_Newspaper_Comment_Generation.ipynb",
        "hashed_secret": "4eebc245c55237b183eea90fa23e11d989ebdd62",
        "is_verified": false,
        "line_number": 348
      },
      {
        "type": "Hex High Entropy String",
        "filename": "source/oss/notebooks/security/LLM_Newspaper_Comment_Generation.ipynb",
        "hashed_secret": "503bb60a0e7e29be765e7b484c7b1d81df8de4c4",
        "is_verified": false,
        "line_number": 349
      },
      {
        "type": "Hex High Entropy String",
        "filename": "source/oss/notebooks/security/LLM_Newspaper_Comment_Generation.ipynb",
        "hashed_secret": "72b457054e7e3c0b49cd8e2f1da222a51724aef7",
        "is_verified": false,
        "line_number": 350
      },
      {
        "type": "Hex High Entropy String",
        "filename": "source/oss/notebooks/security/LLM_Newspaper_Comment_Generation.ipynb",
        "hashed_secret": "dd460c638ff3175f911e1dc356db274285aaae55",
        "is_verified": false,
        "line_number": 351
      },
      {
        "type": "Hex High Entropy String",
        "filename": "source/oss/notebooks/security/LLM_Newspaper_Comment_Generation.ipynb",
        "hashed_secret": "dd0be1114604d6c5a9ab71291684da80058418a7",
        "is_verified": false,
        "line_number": 352
      },
      {
        "type": "Hex High Entropy String",
        "filename": "source/oss/notebooks/security/LLM_Newspaper_Comment_Generation.ipynb",
        "hashed_secret": "dee23c51048466b6d2f893002589d7d331750e39",
        "is_verified": false,
        "line_number": 353
      },
      {
        "type": "Hex High Entropy String",
        "filename": "source/oss/notebooks/security/LLM_Newspaper_Comment_Generation.ipynb",
        "hashed_secret": "d5d8e9baca77213eb62af213da297fcc37a5efda",
        "is_verified": false,
        "line_number": 354
      },
      {
        "type": "Hex High Entropy String",
        "filename": "source/oss/notebooks/security/LLM_Newspaper_Comment_Generation.ipynb",
        "hashed_secret": "03884f273bb04dce8996985ea08b5bc676132d02",
        "is_verified": false,
        "line_number": 355
      },
      {
        "type": "Hex High Entropy String",
        "filename": "source/oss/notebooks/security/LLM_Newspaper_Comment_Generation.ipynb",
        "hashed_secret": "4bd4972917f04e823cf8497d4ab2b9b2c99e2cf7",
        "is_verified": false,
        "line_number": 356
      },
      {
        "type": "Hex High Entropy String",
        "filename": "source/oss/notebooks/security/LLM_Newspaper_Comment_Generation.ipynb",
        "hashed_secret": "7f886a916b81c9d0197e73c7a1bc5731cb5fe9d0",
        "is_verified": false,
        "line_number": 357
      }
    ],
    "source/oss/notebooks/security/LLM_QA_Documentation.ipynb": [
      {
        "type": "Hex High Entropy String",
        "filename": "source/oss/notebooks/security/LLM_QA_Documentation.ipynb",
        "hashed_secret": "9b7d5153063d3b16110a5d54afb89473fb91f791",
        "is_verified": false,
        "line_number": 288
      },
      {
        "type": "Hex High Entropy String",
        "filename": "source/oss/notebooks/security/LLM_QA_Documentation.ipynb",
        "hashed_secret": "4eebc245c55237b183eea90fa23e11d989ebdd62",
        "is_verified": false,
        "line_number": 289
      },
      {
        "type": "Hex High Entropy String",
        "filename": "source/oss/notebooks/security/LLM_QA_Documentation.ipynb",
        "hashed_secret": "503bb60a0e7e29be765e7b484c7b1d81df8de4c4",
        "is_verified": false,
        "line_number": 290
      },
      {
        "type": "Hex High Entropy String",
        "filename": "source/oss/notebooks/security/LLM_QA_Documentation.ipynb",
        "hashed_secret": "72b457054e7e3c0b49cd8e2f1da222a51724aef7",
        "is_verified": false,
        "line_number": 291
      },
      {
        "type": "Hex High Entropy String",
        "filename": "source/oss/notebooks/security/LLM_QA_Documentation.ipynb",
        "hashed_secret": "dd460c638ff3175f911e1dc356db274285aaae55",
        "is_verified": false,
        "line_number": 292
      },
      {
        "type": "Hex High Entropy String",
        "filename": "source/oss/notebooks/security/LLM_QA_Documentation.ipynb",
        "hashed_secret": "dd0be1114604d6c5a9ab71291684da80058418a7",
        "is_verified": false,
        "line_number": 293
      },
      {
        "type": "Hex High Entropy String",
        "filename": "source/oss/notebooks/security/LLM_QA_Documentation.ipynb",
        "hashed_secret": "dee23c51048466b6d2f893002589d7d331750e39",
        "is_verified": false,
        "line_number": 294
      },
      {
        "type": "Hex High Entropy String",
        "filename": "source/oss/notebooks/security/LLM_QA_Documentation.ipynb",
        "hashed_secret": "d5d8e9baca77213eb62af213da297fcc37a5efda",
        "is_verified": false,
        "line_number": 295
      },
      {
        "type": "Hex High Entropy String",
        "filename": "source/oss/notebooks/security/LLM_QA_Documentation.ipynb",
        "hashed_secret": "03884f273bb04dce8996985ea08b5bc676132d02",
        "is_verified": false,
        "line_number": 296
      },
      {
        "type": "Hex High Entropy String",
        "filename": "source/oss/notebooks/security/LLM_QA_Documentation.ipynb",
        "hashed_secret": "4bd4972917f04e823cf8497d4ab2b9b2c99e2cf7",
        "is_verified": false,
        "line_number": 297
      },
      {
        "type": "Hex High Entropy String",
        "filename": "source/oss/notebooks/security/LLM_QA_Documentation.ipynb",
        "hashed_secret": "7f886a916b81c9d0197e73c7a1bc5731cb5fe9d0",
        "is_verified": false,
        "line_number": 298
      }
    ],
    "source/oss/notebooks/security/LLM_QA_IPCC.ipynb": [
      {
        "type": "Hex High Entropy String",
        "filename": "source/oss/notebooks/security/LLM_QA_IPCC.ipynb",
        "hashed_secret": "a58f95b8e25072f899dc37f1eec46a0c5f2c569d",
        "is_verified": false,
        "line_number": 1184
      },
      {
        "type": "Hex High Entropy String",
        "filename": "source/oss/notebooks/security/LLM_QA_IPCC.ipynb",
        "hashed_secret": "ca3bf4ea22b367d228c1c752a4885e4060291cb2",
        "is_verified": false,
        "line_number": 1185
      },
      {
        "type": "Hex High Entropy String",
        "filename": "source/oss/notebooks/security/LLM_QA_IPCC.ipynb",
        "hashed_secret": "480fa3db42c865ac236af001dda5002c414da972",
        "is_verified": false,
        "line_number": 1186
      },
      {
        "type": "Hex High Entropy String",
        "filename": "source/oss/notebooks/security/LLM_QA_IPCC.ipynb",
        "hashed_secret": "5346ec609b3ea8d8566cba1fc51f64edec400d34",
        "is_verified": false,
        "line_number": 1187
      },
      {
        "type": "Hex High Entropy String",
        "filename": "source/oss/notebooks/security/LLM_QA_IPCC.ipynb",
        "hashed_secret": "56ccf123d5b2125c120d3e5784374c0ba1700197",
        "is_verified": false,
        "line_number": 1188
      },
      {
        "type": "Hex High Entropy String",
        "filename": "source/oss/notebooks/security/LLM_QA_IPCC.ipynb",
        "hashed_secret": "a9ce794e9adef86f9582d57562479300c468ca97",
        "is_verified": false,
        "line_number": 1189
      },
      {
        "type": "Hex High Entropy String",
        "filename": "source/oss/notebooks/security/LLM_QA_IPCC.ipynb",
        "hashed_secret": "dd0462e76eafebf4e6da3afb2d2ec61784e2b9fd",
        "is_verified": false,
        "line_number": 1190
      },
      {
        "type": "Hex High Entropy String",
        "filename": "source/oss/notebooks/security/LLM_QA_IPCC.ipynb",
        "hashed_secret": "dfb92fc22f5b74115dc538b93d1936c00284661e",
        "is_verified": false,
        "line_number": 1191
      },
      {
        "type": "Hex High Entropy String",
        "filename": "source/oss/notebooks/security/LLM_QA_IPCC.ipynb",
        "hashed_secret": "2a76d97b80f7a44182f57e018a4ef58a3f275147",
        "is_verified": false,
        "line_number": 1192
      },
      {
        "type": "Hex High Entropy String",
        "filename": "source/oss/notebooks/security/LLM_QA_IPCC.ipynb",
        "hashed_secret": "f72e7a38a7d0a79f0ce00a7b784aded0c5881707",
        "is_verified": false,
        "line_number": 1193
      },
      {
        "type": "Hex High Entropy String",
        "filename": "source/oss/notebooks/security/LLM_QA_IPCC.ipynb",
        "hashed_secret": "e500f6c22155248954d358a1063794e215cb62d5",
        "is_verified": false,
        "line_number": 1194
      },
      {
        "type": "Hex High Entropy String",
        "filename": "source/oss/notebooks/security/LLM_QA_IPCC.ipynb",
        "hashed_secret": "1c6b2ccc041f3350caae644f4575225c972eb310",
        "is_verified": false,
        "line_number": 1195
      },
      {
        "type": "Hex High Entropy String",
        "filename": "source/oss/notebooks/security/LLM_QA_IPCC.ipynb",
        "hashed_secret": "7eb0aced259528bc011750f41bbdcc244ddeaa9e",
        "is_verified": false,
        "line_number": 1196
      },
      {
        "type": "Hex High Entropy String",
        "filename": "source/oss/notebooks/security/LLM_QA_IPCC.ipynb",
        "hashed_secret": "a0dfc1c4a09fa13bda64504d72746d2684722096",
        "is_verified": false,
        "line_number": 1197
      },
      {
        "type": "Hex High Entropy String",
        "filename": "source/oss/notebooks/security/LLM_QA_IPCC.ipynb",
        "hashed_secret": "e65935a70b9c223f3d50a3b851dcea662adc9d8e",
        "is_verified": false,
        "line_number": 1198
      },
      {
        "type": "Hex High Entropy String",
        "filename": "source/oss/notebooks/security/LLM_QA_IPCC.ipynb",
        "hashed_secret": "4e564a2f87757878fc446b38b275c08216956fa3",
        "is_verified": false,
        "line_number": 1199
      },
      {
        "type": "Hex High Entropy String",
        "filename": "source/oss/notebooks/security/LLM_QA_IPCC.ipynb",
        "hashed_secret": "030ad31c2b6f9e7837a86920f45b1abe538cdaf8",
        "is_verified": false,
        "line_number": 1200
      },
      {
        "type": "Hex High Entropy String",
        "filename": "source/oss/notebooks/security/LLM_QA_IPCC.ipynb",
        "hashed_secret": "841e7bf615ad3a80a2edd177bd1a05cd6699a7ac",
        "is_verified": false,
        "line_number": 1201
      },
      {
        "type": "Hex High Entropy String",
        "filename": "source/oss/notebooks/security/LLM_QA_IPCC.ipynb",
        "hashed_secret": "6894411962cc3c47f79b9f3a3d25298424a754c1",
        "is_verified": false,
        "line_number": 1202
      },
      {
        "type": "Hex High Entropy String",
        "filename": "source/oss/notebooks/security/LLM_QA_IPCC.ipynb",
        "hashed_secret": "272810878ce9132bf5732e1897b99d62e79b2d53",
        "is_verified": false,
        "line_number": 1203
      },
      {
        "type": "Hex High Entropy String",
        "filename": "source/oss/notebooks/security/LLM_QA_IPCC.ipynb",
        "hashed_secret": "596ea014a9ae254dc1b69ddf1b48d2aae8c32a87",
        "is_verified": false,
        "line_number": 1204
      },
      {
        "type": "Hex High Entropy String",
        "filename": "source/oss/notebooks/security/LLM_QA_IPCC.ipynb",
        "hashed_secret": "c6aa651dcc3466f0c1b594cd06385fd99bb2d4f1",
        "is_verified": false,
        "line_number": 1205
      },
      {
        "type": "Hex High Entropy String",
        "filename": "source/oss/notebooks/security/LLM_QA_IPCC.ipynb",
        "hashed_secret": "00112b6b8d37cd7df76043be4abadb32f5c746f5",
        "is_verified": false,
        "line_number": 1206
      },
      {
        "type": "Hex High Entropy String",
        "filename": "source/oss/notebooks/security/LLM_QA_IPCC.ipynb",
        "hashed_secret": "bf3ae6f216ebf4107d377ec65de4bcbf40e50c0f",
        "is_verified": false,
        "line_number": 1207
      },
      {
        "type": "Hex High Entropy String",
        "filename": "source/oss/notebooks/security/LLM_QA_IPCC.ipynb",
        "hashed_secret": "de1eb073f9bd64e8d3eb2b00f9f59b9b7eae67c0",
        "is_verified": false,
        "line_number": 1208
      },
      {
        "type": "Hex High Entropy String",
        "filename": "source/oss/notebooks/security/LLM_QA_IPCC.ipynb",
        "hashed_secret": "dcf022953eb5d666b61dcc983704ca6c7bcd7ded",
        "is_verified": false,
        "line_number": 1209
      },
      {
        "type": "Hex High Entropy String",
        "filename": "source/oss/notebooks/security/LLM_QA_IPCC.ipynb",
        "hashed_secret": "160f897a5927d7a0798d5196d09ff61cabf8af1d",
        "is_verified": false,
        "line_number": 1210
      },
      {
        "type": "Hex High Entropy String",
        "filename": "source/oss/notebooks/security/LLM_QA_IPCC.ipynb",
        "hashed_secret": "0f37abfb1ef6a511fae79c745c235dbea6edbdeb",
        "is_verified": false,
        "line_number": 1211
      },
      {
        "type": "Hex High Entropy String",
        "filename": "source/oss/notebooks/security/LLM_QA_IPCC.ipynb",
        "hashed_secret": "73a0880f73252c06f172a8ae643fe6e38c0b010f",
        "is_verified": false,
        "line_number": 1212
      },
      {
        "type": "Hex High Entropy String",
        "filename": "source/oss/notebooks/security/LLM_QA_IPCC.ipynb",
        "hashed_secret": "4e694e1c20c7068bd8c405ec27d0c0ead11af0ed",
        "is_verified": false,
        "line_number": 1213
      },
      {
        "type": "Hex High Entropy String",
        "filename": "source/oss/notebooks/security/LLM_QA_IPCC.ipynb",
        "hashed_secret": "7a6b8980a49263fbbc9657cbeaf32171eefdf221",
        "is_verified": false,
        "line_number": 1214
      },
      {
        "type": "Hex High Entropy String",
        "filename": "source/oss/notebooks/security/LLM_QA_IPCC.ipynb",
        "hashed_secret": "797b5b3c6ac1e704f196341d2dba4e37dd384360",
        "is_verified": false,
        "line_number": 1215
      },
      {
        "type": "Hex High Entropy String",
        "filename": "source/oss/notebooks/security/LLM_QA_IPCC.ipynb",
        "hashed_secret": "d03388f9688dda93073038daac3c9f8d01a653f3",
        "is_verified": false,
        "line_number": 1216
      },
      {
        "type": "Hex High Entropy String",
        "filename": "source/oss/notebooks/security/LLM_QA_IPCC.ipynb",
        "hashed_secret": "27a97e15dd0c26450ab12705914886deb574070c",
        "is_verified": false,
        "line_number": 1217
      },
      {
        "type": "Hex High Entropy String",
        "filename": "source/oss/notebooks/security/LLM_QA_IPCC.ipynb",
        "hashed_secret": "b947be65171a4169937ed7efb0058af4a8dc0202",
        "is_verified": false,
        "line_number": 1218
      },
      {
        "type": "Hex High Entropy String",
        "filename": "source/oss/notebooks/security/LLM_QA_IPCC.ipynb",
        "hashed_secret": "020f46a433c6224b4c6e06e97401e07973e07751",
        "is_verified": false,
        "line_number": 1219
      },
      {
        "type": "Hex High Entropy String",
        "filename": "source/oss/notebooks/security/LLM_QA_IPCC.ipynb",
        "hashed_secret": "7e639d117cc8238bd07fec71eaf19bc413f7e307",
        "is_verified": false,
        "line_number": 1220
      },
      {
        "type": "Hex High Entropy String",
        "filename": "source/oss/notebooks/security/LLM_QA_IPCC.ipynb",
        "hashed_secret": "4388cea8fc6b766c937b3c1c6ad4e933491226c7",
        "is_verified": false,
        "line_number": 1221
      },
      {
        "type": "Hex High Entropy String",
        "filename": "source/oss/notebooks/security/LLM_QA_IPCC.ipynb",
        "hashed_secret": "09deb6695efe5b64cf3a3924526b82a26a7b3206",
        "is_verified": false,
        "line_number": 1222
      },
      {
        "type": "Hex High Entropy String",
        "filename": "source/oss/notebooks/security/LLM_QA_IPCC.ipynb",
        "hashed_secret": "f21b02a53dc95c42efa74b63cbcbdc05fa4dad0e",
        "is_verified": false,
        "line_number": 1223
      },
      {
        "type": "Hex High Entropy String",
        "filename": "source/oss/notebooks/security/LLM_QA_IPCC.ipynb",
        "hashed_secret": "21519f94c792d53393aa0f966321b5a3845c3c0c",
        "is_verified": false,
        "line_number": 1224
      },
      {
        "type": "Hex High Entropy String",
        "filename": "source/oss/notebooks/security/LLM_QA_IPCC.ipynb",
        "hashed_secret": "fda10ab922264760718a0875395b0add16ec0639",
        "is_verified": false,
        "line_number": 1225
      },
      {
        "type": "Hex High Entropy String",
        "filename": "source/oss/notebooks/security/LLM_QA_IPCC.ipynb",
        "hashed_secret": "976c012fadfeb423f38587358e04abcb99df7beb",
        "is_verified": false,
        "line_number": 1226
      },
      {
        "type": "Hex High Entropy String",
        "filename": "source/oss/notebooks/security/LLM_QA_IPCC.ipynb",
        "hashed_secret": "0199d1b45c673c1330298e8143cd81c4d92f5b39",
        "is_verified": false,
        "line_number": 1227
      },
      {
        "type": "Hex High Entropy String",
        "filename": "source/oss/notebooks/security/LLM_QA_IPCC.ipynb",
        "hashed_secret": "75e72861c4f44b4ffba914aba44930eff1f0c584",
        "is_verified": false,
        "line_number": 1228
      },
      {
        "type": "Hex High Entropy String",
        "filename": "source/oss/notebooks/security/LLM_QA_IPCC.ipynb",
        "hashed_secret": "49c0b01918f3a576ae3874767300fdf1675bcdc7",
        "is_verified": false,
        "line_number": 1229
      },
      {
        "type": "Hex High Entropy String",
        "filename": "source/oss/notebooks/security/LLM_QA_IPCC.ipynb",
        "hashed_secret": "fdc7300f62af4e4b9c6905e490591781677cecd8",
        "is_verified": false,
        "line_number": 1230
      },
      {
        "type": "Hex High Entropy String",
        "filename": "source/oss/notebooks/security/LLM_QA_IPCC.ipynb",
        "hashed_secret": "a1532cf02115309b14895bd1e91fc9fbe7665190",
        "is_verified": false,
        "line_number": 1231
      },
      {
        "type": "Hex High Entropy String",
        "filename": "source/oss/notebooks/security/LLM_QA_IPCC.ipynb",
        "hashed_secret": "740810efe3e06936b12333fa46620e8c85f51fd0",
        "is_verified": false,
        "line_number": 1232
      },
      {
        "type": "Hex High Entropy String",
        "filename": "source/oss/notebooks/security/LLM_QA_IPCC.ipynb",
        "hashed_secret": "5daf34d737e75fe9ac3a88546433146360d58d7b",
        "is_verified": false,
        "line_number": 1233
      },
      {
        "type": "Hex High Entropy String",
        "filename": "source/oss/notebooks/security/LLM_QA_IPCC.ipynb",
        "hashed_secret": "3900474344f51160e71352575fd3091b35409146",
        "is_verified": false,
        "line_number": 1234
      },
      {
        "type": "Hex High Entropy String",
        "filename": "source/oss/notebooks/security/LLM_QA_IPCC.ipynb",
        "hashed_secret": "1af637d0763b867963be60de8071b8a286c1f06a",
        "is_verified": false,
        "line_number": 1235
      },
      {
        "type": "Hex High Entropy String",
        "filename": "source/oss/notebooks/security/LLM_QA_IPCC.ipynb",
        "hashed_secret": "568f5d04bccbc14f8826bf09112e98c2432c6f2f",
        "is_verified": false,
        "line_number": 1236
      },
      {
        "type": "Hex High Entropy String",
        "filename": "source/oss/notebooks/security/LLM_QA_IPCC.ipynb",
        "hashed_secret": "b1ae27359f445d5752835df7b3d05273cbdcdac0",
        "is_verified": false,
        "line_number": 1237
      },
      {
        "type": "Hex High Entropy String",
        "filename": "source/oss/notebooks/security/LLM_QA_IPCC.ipynb",
        "hashed_secret": "ecbd45507554c53c94937a33ea9c936de03c7a1e",
        "is_verified": false,
        "line_number": 1238
      },
      {
        "type": "Hex High Entropy String",
        "filename": "source/oss/notebooks/security/LLM_QA_IPCC.ipynb",
        "hashed_secret": "5c70612c3dde93722869d06647441c40325867fa",
        "is_verified": false,
        "line_number": 1239
      },
      {
        "type": "Hex High Entropy String",
        "filename": "source/oss/notebooks/security/LLM_QA_IPCC.ipynb",
        "hashed_secret": "7f05c0d513601165cace7495c9863ae4f704052b",
        "is_verified": false,
        "line_number": 1240
      },
      {
        "type": "Hex High Entropy String",
        "filename": "source/oss/notebooks/security/LLM_QA_IPCC.ipynb",
        "hashed_secret": "aa54dcaf5f617fce8d5af5d352f1d8f72805a6de",
        "is_verified": false,
        "line_number": 1241
      },
      {
        "type": "Hex High Entropy String",
        "filename": "source/oss/notebooks/security/LLM_QA_IPCC.ipynb",
        "hashed_secret": "1ea5e38687ea9a37398c16b4ef8353ee8562ce18",
        "is_verified": false,
        "line_number": 1242
      },
      {
        "type": "Hex High Entropy String",
        "filename": "source/oss/notebooks/security/LLM_QA_IPCC.ipynb",
        "hashed_secret": "72f143b6f232e0a6eaba42f15f78424f08e1aafd",
        "is_verified": false,
        "line_number": 1243
      },
      {
        "type": "Hex High Entropy String",
        "filename": "source/oss/notebooks/security/LLM_QA_IPCC.ipynb",
        "hashed_secret": "fcd5b860d5c9d26c4d553c7aea17af6e5e6b8bd0",
        "is_verified": false,
        "line_number": 1244
      },
      {
        "type": "Hex High Entropy String",
        "filename": "source/oss/notebooks/security/LLM_QA_IPCC.ipynb",
        "hashed_secret": "4782eb008c24b590d807ff8f6142dd39ee6f397e",
        "is_verified": false,
        "line_number": 1245
      },
      {
        "type": "Hex High Entropy String",
        "filename": "source/oss/notebooks/security/LLM_QA_IPCC.ipynb",
        "hashed_secret": "e5982f35a311dafe929c4527623e8244541386de",
        "is_verified": false,
        "line_number": 1246
      },
      {
        "type": "Hex High Entropy String",
        "filename": "source/oss/notebooks/security/LLM_QA_IPCC.ipynb",
        "hashed_secret": "2e48fec7948e048506cdb66177289e93bedbc6d3",
        "is_verified": false,
        "line_number": 1247
      },
      {
        "type": "Hex High Entropy String",
        "filename": "source/oss/notebooks/security/LLM_QA_IPCC.ipynb",
        "hashed_secret": "e1b01eeeb61f9af85977442da8d34e8436bc1909",
        "is_verified": false,
        "line_number": 1248
      },
      {
        "type": "Hex High Entropy String",
        "filename": "source/oss/notebooks/security/LLM_QA_IPCC.ipynb",
        "hashed_secret": "487770a8db2d220763c3fcba5b25e2f8e3c6b648",
        "is_verified": false,
        "line_number": 1249
      }
    ],
    "source/oss/notebooks/security/LLM_QA_Winter_Olympics.ipynb": [
      {
        "type": "Hex High Entropy String",
        "filename": "source/oss/notebooks/security/LLM_QA_Winter_Olympics.ipynb",
        "hashed_secret": "a2d66f2dfeee39db5031e95f31273168fdee015b",
        "is_verified": false,
        "line_number": 5
      },
      {
        "type": "Hex High Entropy String",
        "filename": "source/oss/notebooks/security/LLM_QA_Winter_Olympics.ipynb",
        "hashed_secret": "a8eada650847412e2e3e9cec477e84d060fd5ff6",
        "is_verified": false,
        "line_number": 36
      },
      {
        "type": "Hex High Entropy String",
        "filename": "source/oss/notebooks/security/LLM_QA_Winter_Olympics.ipynb",
        "hashed_secret": "6258a817ef6b605804e4344315016c40c1593165",
        "is_verified": false,
        "line_number": 52
      },
      {
        "type": "Hex High Entropy String",
        "filename": "source/oss/notebooks/security/LLM_QA_Winter_Olympics.ipynb",
        "hashed_secret": "8acf526c051f4afdc0fe9fbe12e8a09852df25ad",
        "is_verified": false,
        "line_number": 70
      },
      {
        "type": "Hex High Entropy String",
        "filename": "source/oss/notebooks/security/LLM_QA_Winter_Olympics.ipynb",
        "hashed_secret": "dcc93e4d2874f8aacee325422996b1fa9336a433",
        "is_verified": false,
        "line_number": 84
      },
      {
        "type": "Hex High Entropy String",
        "filename": "source/oss/notebooks/security/LLM_QA_Winter_Olympics.ipynb",
        "hashed_secret": "954f2df4751981df7fae892a912ea4332b9bf89f",
        "is_verified": false,
        "line_number": 102
      },
      {
        "type": "Hex High Entropy String",
        "filename": "source/oss/notebooks/security/LLM_QA_Winter_Olympics.ipynb",
        "hashed_secret": "44d89870cc08cfe1190ad52eb6bbda0098a3588e",
        "is_verified": false,
        "line_number": 116
      },
      {
        "type": "Hex High Entropy String",
        "filename": "source/oss/notebooks/security/LLM_QA_Winter_Olympics.ipynb",
        "hashed_secret": "051ef55bae7b47a2e8a4ff1371220e1e2ad9d2c5",
        "is_verified": false,
        "line_number": 138
      },
      {
        "type": "Hex High Entropy String",
        "filename": "source/oss/notebooks/security/LLM_QA_Winter_Olympics.ipynb",
        "hashed_secret": "f99d4fdf459011eca1ed5a0fef45c56e397b1144",
        "is_verified": false,
        "line_number": 152
      },
      {
        "type": "Hex High Entropy String",
        "filename": "source/oss/notebooks/security/LLM_QA_Winter_Olympics.ipynb",
        "hashed_secret": "48363b09a21a3b769f8ef65419b41fea0299a4e2",
        "is_verified": false,
        "line_number": 176
      },
      {
        "type": "Hex High Entropy String",
        "filename": "source/oss/notebooks/security/LLM_QA_Winter_Olympics.ipynb",
        "hashed_secret": "dcfe23bdb2c5264ca26fd2a44343de5e58bcb4a0",
        "is_verified": false,
        "line_number": 226
      },
      {
        "type": "Hex High Entropy String",
        "filename": "source/oss/notebooks/security/LLM_QA_Winter_Olympics.ipynb",
        "hashed_secret": "91c67adca93aab36d6c6a27c47eb9866514a32da",
        "is_verified": false,
        "line_number": 359
      },
      {
        "type": "Hex High Entropy String",
        "filename": "source/oss/notebooks/security/LLM_QA_Winter_Olympics.ipynb",
        "hashed_secret": "be0b6aa22c2812454fac108dc2d6feb6699712d2",
        "is_verified": false,
        "line_number": 372
      },
      {
        "type": "Hex High Entropy String",
        "filename": "source/oss/notebooks/security/LLM_QA_Winter_Olympics.ipynb",
        "hashed_secret": "1bdb0085ebd3fffb2ef74b5fff72a45a0a266d4e",
        "is_verified": false,
        "line_number": 388
      },
      {
        "type": "Hex High Entropy String",
        "filename": "source/oss/notebooks/security/LLM_QA_Winter_Olympics.ipynb",
        "hashed_secret": "c1cdc1d6b675f7767c1ed9e09df0092f41d3ee93",
        "is_verified": false,
        "line_number": 428
      },
      {
        "type": "Hex High Entropy String",
        "filename": "source/oss/notebooks/security/LLM_QA_Winter_Olympics.ipynb",
        "hashed_secret": "0884f08b6dde82450e698b4e9f8d4a5cd5989217",
        "is_verified": false,
        "line_number": 442
      },
      {
        "type": "Hex High Entropy String",
        "filename": "source/oss/notebooks/security/LLM_QA_Winter_Olympics.ipynb",
        "hashed_secret": "56e2e6a2e1dd210ee84a665dd56d5dc132ad7e3b",
        "is_verified": false,
        "line_number": 457
      },
      {
        "type": "Hex High Entropy String",
        "filename": "source/oss/notebooks/security/LLM_QA_Winter_Olympics.ipynb",
        "hashed_secret": "9ab8cf07260db71eb6195d2b9dbe80c3dc29517a",
        "is_verified": false,
        "line_number": 479
      },
      {
        "type": "Hex High Entropy String",
        "filename": "source/oss/notebooks/security/LLM_QA_Winter_Olympics.ipynb",
        "hashed_secret": "a3b2e0011e2ac3555a9103a98c22257a5c95d18a",
        "is_verified": false,
        "line_number": 1800
      },
      {
        "type": "Hex High Entropy String",
        "filename": "source/oss/notebooks/security/LLM_QA_Winter_Olympics.ipynb",
        "hashed_secret": "4a1543078d79505d59139e83436f92c75426f7fc",
        "is_verified": false,
        "line_number": 1813
      },
      {
        "type": "Hex High Entropy String",
        "filename": "source/oss/notebooks/security/LLM_QA_Winter_Olympics.ipynb",
        "hashed_secret": "e526168d2ee714b0e012d73d123d8ec4797092e4",
        "is_verified": false,
        "line_number": 1829
      }
    ]
  },
  "generated_at": "2025-12-17T10:08:47Z"
}
